| HeuristicInsecureRandomness.java:19:16:19:66 | nextInt(...) | Insecure randomness: this value is produced by a cryptographically weak random number generator, but 'generateauthorizationcode' suggests it is used in a security-sensitive context. Use java.security.SecureRandom instead. |
| HeuristicInsecureRandomness.java:26:17:26:33 | nextInt(...) | Insecure randomness: this value is produced by a cryptographically weak random number generator, but 'token' suggests it is used in a security-sensitive context. Use java.security.SecureRandom instead. |
| HeuristicInsecureRandomness.java:33:13:33:37 | nextInt(...) | Insecure randomness: this value is produced by a cryptographically weak random number generator, but 'otpgenerator' suggests it is used in a security-sensitive context. Use java.security.SecureRandom instead. |
| HeuristicInsecureRandomness.java:39:21:39:33 | random(...) | Insecure randomness: this value is produced by a cryptographically weak random number generator, but 'secret' suggests it is used in a security-sensitive context. Use java.security.SecureRandom instead. |
